Archive member included because of file (symbol)

c:/program files (x86)/atmel/atmel toolchain/avr8 gcc/native/3.4.1061/avr8-gnu-toolchain/bin/../lib/gcc/avr/4.8.1/../../../../avr/lib/avr5\libm.a(addsf3.o)
                              Drivers/MultifunctionCard/joystick/joy.o (__subsf3)
c:/program files (x86)/atmel/atmel toolchain/avr8 gcc/native/3.4.1061/avr8-gnu-toolchain/bin/../lib/gcc/avr/4.8.1/../../../../avr/lib/avr5\libm.a(addsf3x.o)
                              c:/program files (x86)/atmel/atmel toolchain/avr8 gcc/native/3.4.1061/avr8-gnu-toolchain/bin/../lib/gcc/avr/4.8.1/../../../../avr/lib/avr5\libm.a(addsf3.o) (__addsf3x)
c:/program files (x86)/atmel/atmel toolchain/avr8 gcc/native/3.4.1061/avr8-gnu-toolchain/bin/../lib/gcc/avr/4.8.1/../../../../avr/lib/avr5\libm.a(divsf3.o)
                              Drivers/MultifunctionCard/joystick/joy.o (__divsf3)
c:/program files (x86)/atmel/atmel toolchain/avr8 gcc/native/3.4.1061/avr8-gnu-toolchain/bin/../lib/gcc/avr/4.8.1/../../../../avr/lib/avr5\libm.a(divsf3x.o)
                              c:/program files (x86)/atmel/atmel toolchain/avr8 gcc/native/3.4.1061/avr8-gnu-toolchain/bin/../lib/gcc/avr/4.8.1/../../../../avr/lib/avr5\libm.a(divsf3.o) (__divsf3x)
c:/program files (x86)/atmel/atmel toolchain/avr8 gcc/native/3.4.1061/avr8-gnu-toolchain/bin/../lib/gcc/avr/4.8.1/../../../../avr/lib/avr5\libm.a(fixsfsi.o)
                              Drivers/MultifunctionCard/joystick/joy.o (__fixsfsi)
c:/program files (x86)/atmel/atmel toolchain/avr8 gcc/native/3.4.1061/avr8-gnu-toolchain/bin/../lib/gcc/avr/4.8.1/../../../../avr/lib/avr5\libm.a(fixunssfsi.o)
                              c:/program files (x86)/atmel/atmel toolchain/avr8 gcc/native/3.4.1061/avr8-gnu-toolchain/bin/../lib/gcc/avr/4.8.1/../../../../avr/lib/avr5\libm.a(fixsfsi.o) (__fixunssfsi)
c:/program files (x86)/atmel/atmel toolchain/avr8 gcc/native/3.4.1061/avr8-gnu-toolchain/bin/../lib/gcc/avr/4.8.1/../../../../avr/lib/avr5\libm.a(floatsisf.o)
                              Drivers/MultifunctionCard/joystick/joy.o (__floatsisf)
c:/program files (x86)/atmel/atmel toolchain/avr8 gcc/native/3.4.1061/avr8-gnu-toolchain/bin/../lib/gcc/avr/4.8.1/../../../../avr/lib/avr5\libm.a(fp_inf.o)
                              c:/program files (x86)/atmel/atmel toolchain/avr8 gcc/native/3.4.1061/avr8-gnu-toolchain/bin/../lib/gcc/avr/4.8.1/../../../../avr/lib/avr5\libm.a(addsf3x.o) (__fp_inf)
c:/program files (x86)/atmel/atmel toolchain/avr8 gcc/native/3.4.1061/avr8-gnu-toolchain/bin/../lib/gcc/avr/4.8.1/../../../../avr/lib/avr5\libm.a(fp_nan.o)
                              c:/program files (x86)/atmel/atmel toolchain/avr8 gcc/native/3.4.1061/avr8-gnu-toolchain/bin/../lib/gcc/avr/4.8.1/../../../../avr/lib/avr5\libm.a(addsf3x.o) (__fp_nan)
c:/program files (x86)/atmel/atmel toolchain/avr8 gcc/native/3.4.1061/avr8-gnu-toolchain/bin/../lib/gcc/avr/4.8.1/../../../../avr/lib/avr5\libm.a(fp_pscA.o)
                              c:/program files (x86)/atmel/atmel toolchain/avr8 gcc/native/3.4.1061/avr8-gnu-toolchain/bin/../lib/gcc/avr/4.8.1/../../../../avr/lib/avr5\libm.a(addsf3x.o) (__fp_pscA)
c:/program files (x86)/atmel/atmel toolchain/avr8 gcc/native/3.4.1061/avr8-gnu-toolchain/bin/../lib/gcc/avr/4.8.1/../../../../avr/lib/avr5\libm.a(fp_pscB.o)
                              c:/program files (x86)/atmel/atmel toolchain/avr8 gcc/native/3.4.1061/avr8-gnu-toolchain/bin/../lib/gcc/avr/4.8.1/../../../../avr/lib/avr5\libm.a(addsf3x.o) (__fp_pscB)
c:/program files (x86)/atmel/atmel toolchain/avr8 gcc/native/3.4.1061/avr8-gnu-toolchain/bin/../lib/gcc/avr/4.8.1/../../../../avr/lib/avr5\libm.a(fp_round.o)
                              c:/program files (x86)/atmel/atmel toolchain/avr8 gcc/native/3.4.1061/avr8-gnu-toolchain/bin/../lib/gcc/avr/4.8.1/../../../../avr/lib/avr5\libm.a(addsf3.o) (__fp_round)
c:/program files (x86)/atmel/atmel toolchain/avr8 gcc/native/3.4.1061/avr8-gnu-toolchain/bin/../lib/gcc/avr/4.8.1/../../../../avr/lib/avr5\libm.a(fp_split3.o)
                              c:/program files (x86)/atmel/atmel toolchain/avr8 gcc/native/3.4.1061/avr8-gnu-toolchain/bin/../lib/gcc/avr/4.8.1/../../../../avr/lib/avr5\libm.a(addsf3x.o) (__fp_split3)
c:/program files (x86)/atmel/atmel toolchain/avr8 gcc/native/3.4.1061/avr8-gnu-toolchain/bin/../lib/gcc/avr/4.8.1/../../../../avr/lib/avr5\libm.a(fp_zero.o)
                              c:/program files (x86)/atmel/atmel toolchain/avr8 gcc/native/3.4.1061/avr8-gnu-toolchain/bin/../lib/gcc/avr/4.8.1/../../../../avr/lib/avr5\libm.a(addsf3x.o) (__fp_zero)
c:/program files (x86)/atmel/atmel toolchain/avr8 gcc/native/3.4.1061/avr8-gnu-toolchain/bin/../lib/gcc/avr/4.8.1/../../../../avr/lib/avr5\libm.a(mulsf3.o)
                              Drivers/MultifunctionCard/joystick/joy.o (__mulsf3)
c:/program files (x86)/atmel/atmel toolchain/avr8 gcc/native/3.4.1061/avr8-gnu-toolchain/bin/../lib/gcc/avr/4.8.1/../../../../avr/lib/avr5\libm.a(mulsf3x.o)
[...]
Memory Configuration

Name             Origin             Length             Attributes
text             0x00000000         0x00020000         xr
data             0x00800060         0x0000ffa0         rw !x
eeprom           0x00810000         0x00010000         rw !x
fuse             0x00820000         0x00000400         rw !x
lock             0x00830000         0x00000400         rw !x
signature        0x00840000         0x00000400         rw !x
user_signatures  0x00850000         0x00000400         rw !x
*default*        0x00000000         0xffffffff

Linker script and memory map

Address of section .data set to 0x800100
LOAD c:/program files (x86)/atmel/atmel toolchain/avr8 gcc/native/3.4.1061/avr8-gnu-toolchain/bin/../lib/gcc/avr/4.8.1/../../../../avr/lib/avr5/crtm162.o
LOAD Drivers/Communication/can/can.o
LOAD Drivers/Communication/can/mcp/mcp.o
LOAD Drivers/Communication/spi/spi.o
LOAD Drivers/Communication/usart/usart.o
LOAD Drivers/Memory/eeprom.o
LOAD Drivers/Memory/SRAM.o
LOAD Drivers/MultifunctionCard/joystick/joy.o
LOAD Drivers/MultifunctionCard/oled/oled.o
LOAD Drivers/Sensors/ir.o
LOAD Drivers/timer/timer.o
LOAD Fonts/font.o
LOAD Game/game.o
LOAD Game/highscore.o
LOAD GccApplication1.o
LOAD Interface/interface.o
START GROUP
LOAD c:/program files (x86)/atmel/atmel toolchain/avr8 gcc/native/3.4.1061/avr8-gnu-toolchain/bin/../lib/gcc/avr/4.8.1/../../../../avr/lib/avr5\libm.a
END GROUP
START GROUP
LOAD c:/program files (x86)/atmel/atmel toolchain/avr8 gcc/native/3.4.1061/avr8-gnu-toolchain/bin/../lib/gcc/avr/4.8.1/avr5\libgcc.a
LOAD c:/program files (x86)/atmel/atmel toolchain/avr8 gcc/native/3.4.1061/avr8-gnu-toolchain/bin/../lib/gcc/avr/4.8.1/../../../../avr/lib/avr5\libm.a
LOAD c:/program files (x86)/atmel/atmel toolchain/avr8 gcc/native/3.4.1061/avr8-gnu-toolchain/bin/../lib/gcc/avr/4.8.1/../../../../avr/lib/avr5\libc.a
END GROUP

.hash
 *(.hash)

.dynsym
 *(.dynsym)

.dynstr
 *(.dynstr)

.gnu.version
 *(.gnu.version)

.gnu.version_d
 *(.gnu.version_d)

.gnu.version_r
 *(.gnu.version_r)

.rel.init
 *(.rel.init)

.rela.init
 *(.rela.init)

.rel.text
 *(.rel.text)
 *(.rel.text.*)
 *(.rel.gnu.linkonce.t*)

.rela.text
 *(.rela.text)
 *(.rela.text.*)
 *(.rela.gnu.linkonce.t*)

.rel.fini
 *(.rel.fini)

.rela.fini
 *(.rela.fini)

.rel.rodata
 *(.rel.rodata)
 *(.rel.rodata.*)
 *(.rel.gnu.linkonce.r*)

.rela.rodata
 *(.rela.rodata)
 *(.rela.rodata.*)
 *(.rela.gnu.linkonce.r*)

.rel.data
 *(.rel.data)
 *(.rel.data.*)
 *(.rel.gnu.linkonce.d*)

.rela.data
 *(.rela.data)
 *(.rela.data.*)
 *(.rela.gnu.linkonce.d*)

.rel.ctors
 *(.rel.ctors)

.rela.ctors
 *(.rela.ctors)

.rel.dtors
 *(.rel.dtors)

.rela.dtors
 *(.rela.dtors)

.rel.got
 *(.rel.got)

.rela.got
 *(.rela.got)

.rel.bss
 *(.rel.bss)

.rela.bss
 *(.rela.bss)

.rel.plt
 *(.rel.plt)

.rela.plt
 *(.rela.plt)

.text           0x00000000     0x238e
 *(.vectors)
 .vectors       0x00000000       0x70 c:/program files (x86)/atmel/atmel toolchain/avr8 gcc/native/3.4.1061/avr8-gnu-toolchain/bin/../lib/gcc/avr/4.8.1/../../../../avr/lib/avr5/crtm162.o
                0x00000000                __vector_default
                0x00000000                __vectors
 *(.vectors)
 *(.progmem.gcc*)
                0x00000070                . = ALIGN (0x2)
                0x00000070                __trampolines_start = .
 *(.trampolines)
 .trampolines   0x00000070        0x0 linker stubs
 *(.trampolines*)
                0x00000070                __trampolines_end = .
 *(.progmem*)
 .progmem.data.font
                0x00000070      0x2f8 Fonts/font.o
                0x00000070                font
                0x00000368                . = ALIGN (0x2)
 *(.jumptables)
 *(.jumptables*)
 *(.lowtext)
 *(.lowtext*)
                0x00000368                __ctors_start = .
 *(.ctors)
                0x00000368                __ctors_end = .
                0x00000368                __dtors_start = .
 *(.dtors)
                0x00000368                __dtors_end = .
 SORT(*)(.ctors)
 SORT(*)(.dtors)
 *(.init0)
 .init0         0x00000368        0x0 c:/program files (x86)/atmel/atmel toolchain/avr8 gcc/native/3.4.1061/avr8-gnu-toolchain/bin/../lib/gcc/avr/4.8.1/../../../../avr/lib/avr5/crtm162.o
                0x00000368                __init
 *(.init0)
 *(.init1)
 *(.init1)
 *(.init2)
 .init2         0x00000368        0xc c:/program files (x86)/atmel/atmel toolchain/avr8 gcc/native/3.4.1061/avr8-gnu-toolchain/bin/../lib/gcc/avr/4.8.1/../../../../avr/lib/avr5/crtm162.o
 *(.init2)
 *(.init3)
 *(.init3)
 *(.init4)
 .init4         0x00000374       0x16 c:/program files (x86)/atmel/atmel toolchain/avr8 gcc/native/3.4.1061/avr8-gnu-toolchain/bin/../lib/gcc/avr/4.8.1/avr5\libgcc.a(_copy_data.o)
                0x00000374                __do_copy_data
 .init4         0x0000038a       0x10 c:/program files (x86)/atmel/atmel toolchain/avr8 gcc/native/3.4.1061/avr8-gnu-toolchain/bin/../lib/gcc/avr/4.8.1/avr5\libgcc.a(_clear_bss.o)
                0x0000038a                __do_clear_bss
 *(.init4)
 *(.init5)
 *(.init5)
 *(.init6)
 *(.init6)
 *(.init7)
 *(.init7)
 *(.init8)
 *(.init8)
 *(.init9)
 .init9         0x0000039a        0x8 c:/program files (x86)/atmel/atmel toolchain/avr8 gcc/native/3.4.1061/avr8-gnu-toolchain/bin/../lib/gcc/avr/4.8.1/../../../../avr/lib/avr5/crtm162.o
 *(.init9)
 *(.text)
 .text          0x000003a2        0x4 c:/program files (x86)/atmel/atmel toolchain/avr8 gcc/native/3.4.1061/avr8-gnu-toolchain/bin/../lib/gcc/avr/4.8.1/../../../../avr/lib/avr5/crtm162.o
                0x000003a2                __vector_22
                0x000003a2                __vector_1
                0x000003a2                __vector_24
                0x000003a2                __vector_12
                0x000003a2                __bad_interrupt
                0x000003a2                __vector_6
                0x000003a2                __vector_3
                0x000003a2                __vector_23
                0x000003a2                __vector_25
                0x000003a2                __vector_11
                0x000003a2                __vector_13
                0x000003a2                __vector_17
                0x000003a2                __vector_19
                0x000003a2                __vector_27
                0x000003a2                __vector_5
                0x000003a2                __vector_4
                0x000003a2                __vector_9
                0x000003a2                __vector_2
                0x000003a2                __vector_21
                0x000003a2                __vector_15
                0x000003a2                __vector_8
                0x000003a2                __vector_26
                0x000003a2                __vector_14
                0x000003a2                __vector_10
                0x000003a2                __vector_16
                0x000003a2                __vector_18
                0x000003a2                __vector_20
                0x000003a6                . = ALIGN (0x2)
 *(.text.*)
 .text.can_init
                0x000003a6       0x22 Drivers/Communication/can/can.o
                0x000003a6                can_init
 .text.can_write
                0x000003c8       0x8e Drivers/Communication/can/can.o
                0x000003c8                can_write
 .text.can_pollInterrupt
                0x00000456       0x30 Drivers/Communication/can/can.o
                0x00000456                can_pollInterrupt
 .text.can_read
                0x00000486       0xdc Drivers/Communication/can/can.o
                0x00000486                can_read
 .text.new_can_message
                0x00000562       0x68 Drivers/Communication/can/can.o
                0x00000562                new_can_message
 .text.can_send_joystick_message
                0x000005ca       0x66 Drivers/Communication/can/can.o
                0x000005ca                can_send_joystick_message
 .text.can_send_slider_message
                0x00000630       0x4a Drivers/Communication/can/can.o
                0x00000630                can_send_slider_message
 .text.can_send_button_message
                0x0000067a       0x4a Drivers/Communication/can/can.o
                0x0000067a                can_send_button_message
 .text.can_send_pid_message
                0x000006c4       0x68 Drivers/Communication/can/can.o
                0x000006c4                can_send_pid_message
 .text.mcp_read
                0x0000072c       0x1e Drivers/Communication/can/mcp/mcp.o
                0x0000072c                mcp_read
 .text.mcp_write
                0x0000074a       0x32 Drivers/Communication/can/mcp/mcp.o
                0x0000074a                mcp_write
 .text.mcp_reset
                0x0000077c        0xc Drivers/Communication/can/mcp/mcp.o
                0x0000077c                mcp_reset
 .text.mcp_bitModify
                0x00000788       0x3e Drivers/Communication/can/mcp/mcp.o
                0x00000788                mcp_bitModify
 .text.mcp_requestToSend
                0x000007c6        0xa Drivers/Communication/can/mcp/mcp.o
                0x000007c6                mcp_requestToSend
 .text.mcp_init
                0x000007d0        0x8 Drivers/Communication/can/mcp/mcp.o
                0x000007d0                mcp_init
 .text.SPI_masterInit
                0x000007d8        0xc Drivers/Communication/spi/spi.o
                0x000007d8                SPI_masterInit
 .text.SPI_transmit
                0x000007e4        0xa Drivers/Communication/spi/spi.o
                0x000007e4                SPI_transmit
 .text.USART_Init
                0x000007ee       0x12 Drivers/Communication/usart/usart.o
                0x000007ee                USART_Init
 .text.USART_Transmit
                0x00000800        0x8 Drivers/Communication/usart/usart.o
                0x00000800                USART_Transmit
 .text.USART_Receive
                0x00000808        0x8 Drivers/Communication/usart/usart.o
                0x00000808                USART_Receive
 .text.EEPROM_write
                0x00000810       0x10 Drivers/Memory/eeprom.o
                0x00000810                EEPROM_write
 .text.EEPROM_read
                0x00000820        0xe Drivers/Memory/eeprom.o
                0x00000820                EEPROM_read
 .text.SRAM_init
                0x0000082e        0x8 Drivers/Memory/SRAM.o
                0x0000082e                SRAM_init
 .text.joy_get_joystick
                0x00000836       0x48 Drivers/MultifunctionCard/joystick/joy.o
                0x00000836                joy_get_joystick
 .text.joy_new_joystick
                0x0000087e       0x5c Drivers/MultifunctionCard/joystick/joy.o
                0x0000087e                joy_new_joystick
 .text.joy_read_x
                0x000008da       0x14 Drivers/MultifunctionCard/joystick/joy.o
                0x000008da                joy_read_x
 .text.joy_read_y
                0x000008ee       0x14 Drivers/MultifunctionCard/joystick/joy.o
                0x000008ee                joy_read_y
 .text.joy_calibrate
                0x00000902       0x1e Drivers/MultifunctionCard/joystick/joy.o
                0x00000902                joy_calibrate
 .text.joy_init
                0x00000920       0x16 Drivers/MultifunctionCard/joystick/joy.o
                0x00000920                joy_init
 .text.joy_read_joystick
                0x00000936       0x1e Drivers/MultifunctionCard/joystick/joy.o
                0x00000936                joy_read_joystick
 .text.joy_toPercent
                0x00000954      0x13a Drivers/MultifunctionCard/joystick/joy.o
                0x00000954                joy_toPercent
 .text.joy_get_direction
                0x00000a8e       0x74 Drivers/MultifunctionCard/joystick/joy.o
                0x00000a8e                joy_get_direction
 .text.joy_read_left_slider
                0x00000b02       0x14 Drivers/MultifunctionCard/joystick/joy.o
                0x00000b02                joy_read_left_slider
 .text.joy_read_right_button
                0x00000b16        0x8 Drivers/MultifunctionCard/joystick/joy.o
                0x00000b16                joy_read_right_button
 .text.oled_write
                0x00000b1e       0x28 Drivers/MultifunctionCard/oled/oled.o
                0x00000b1e                oled_write
 .text.oled_write_selector
                0x00000b46       0x14 Drivers/MultifunctionCard/oled/oled.o
                0x00000b46                oled_write_selector
 .text.oled_set_start_col
                0x00000b5a       0x10 Drivers/MultifunctionCard/oled/oled.o
                0x00000b5a                oled_set_start_col
 .text.oled_write_string
                0x00000b6a       0x1e Drivers/MultifunctionCard/oled/oled.o
                0x00000b6a                oled_write_string
 .text.oled_clear_screen
                0x00000b88       0x24 Drivers/MultifunctionCard/oled/oled.o
                0x00000b88                oled_clear_screen
 .text.oled_init
                0x00000bac       0x68 Drivers/MultifunctionCard/oled/oled.o
                0x00000bac                oled_init
 .text.oled_set_write_position
                0x00000c14       0x14 Drivers/MultifunctionCard/oled/oled.o
                0x00000c14                oled_set_write_position
 .text.oled_toggle_party_mode
                0x00000c28       0x30 Drivers/MultifunctionCard/oled/oled.o
                0x00000c28                oled_toggle_party_mode
 .text.oled_printf
                0x00000c58       0x20 Drivers/MultifunctionCard/oled/oled.o
                0x00000c58                oled_printf
 .text.oled_set_brightness
                0x00000c78       0x7c Drivers/MultifunctionCard/oled/oled.o
                0x00000c78                oled_set_brightness
 .text.ir_init  0x00000cf4        0xe Drivers/Sensors/ir.o
                0x00000cf4                ir_init
 .text.timer_init
                0x00000d02       0x40 Drivers/timer/timer.o
                0x00000d02                timer_init
 .text.timer_enable
                0x00000d42       0x12 Drivers/timer/timer.o
                0x00000d42                timer_enable
 .text.timer_disable
                0x00000d54        0xc Drivers/timer/timer.o
                0x00000d54                timer_disable
 .text.__vector_7
                0x00000d60       0xba Drivers/timer/timer.o
                0x00000d60                __vector_7
 .text.game_init
                0x00000e1a        0x6 Game/game.o
                0x00000e1a                game_init
 .text.game_track_score
                0x00000e20       0x4a Game/game.o
                0x00000e20                game_track_score
 .text.game_reset_score
                0x00000e6a        0xa Game/game.o
                0x00000e6a                game_reset_score
 .text.game_start
                0x00000e74       0x14 Game/game.o
                0x00000e74                game_start
 .text.game_introMessage
                0x00000e88       0xbe Game/game.o
                0x00000e88                game_introMessage
 .text.game_postGameMessage
                0x00000f46       0x68 Game/game.o
                0x00000f46                game_postGameMessage
 .text.game_end
                0x00000fae       0x60 Game/game.o
                0x00000fae                game_end
 .text.game_main
                0x0000100e       0x44 Game/game.o
                0x0000100e                game_main
 .text.game_hard_difficulty
                0x00001052       0x20 Game/game.o
                0x00001052                game_hard_difficulty
 .text.game_medium_difficulty
                0x00001072       0x20 Game/game.o
                0x00001072                game_medium_difficulty
 .text.game_impossible_difficulty
                0x00001092       0x22 Game/game.o
                0x00001092                game_impossible_difficulty
 .text.highscore_init
                0x000010b4       0x2e Game/highscore.o
                0x000010b4                highscore_init
 .text.highscore_update
                0x000010e2       0x86 Game/highscore.o
                0x000010e2                highscore_update
 .text.highscore_resetAll
                0x00001168       0x30 Game/highscore.o
                0x00001168                highscore_resetAll
 .text.highscore_print
                0x00001198       0x9e Game/highscore.o
                0x00001198                highscore_print
 .text.startup.main
                0x00001236       0x64 GccApplication1.o
                0x00001236                main
 .text.new_Menu
                0x0000129a       0x5c Interface/interface.o
                0x0000129a                new_Menu
 .text.interface_draw_selector
                0x000012f6       0x2e Interface/interface.o
                0x000012f6                interface_draw_selector
 .text.interface_print
                0x00001324       0x84 Interface/interface.o
                0x00001324                interface_print
 .text.interface_init
                0x000013a8      0x200 Interface/interface.o
                0x000013a8                interface_init
 .text.interface_select
                0x000015a8       0xf0 Interface/interface.o
                0x000015a8                interface_select
 .text.interface_get_current_menu
                0x00001698        0xa Interface/interface.o
                0x00001698                interface_get_current_menu
 .text.avr-libc.fplib
                0x000016a2        0xa c:/program files (x86)/atmel/atmel toolchain/avr8 gcc/native/3.4.1061/avr8-gnu-toolchain/bin/../lib/gcc/avr/4.8.1/../../../../avr/lib/avr5\libm.a(addsf3.o)
                0x000016a2                __subsf3
                0x000016a4                __addsf3
 .text.avr-libc.fplib
                0x000016ac       0xc0 c:/program files (x86)/atmel/atmel toolchain/avr8 gcc/native/3.4.1061/avr8-gnu-toolchain/bin/../lib/gcc/avr/4.8.1/../../../../avr/lib/avr5\libm.a(addsf3x.o)
                0x000016c6                __addsf3x
 .text.avr-libc.fplib
                0x0000176c        0x4 c:/program files (x86)/atmel/atmel toolchain/avr8 gcc/native/3.4.1061/avr8-gnu-toolchain/bin/../lib/gcc/avr/4.8.1/../../../../avr/lib/avr5\libm.a(divsf3.o)
                0x0000176c                __divsf3
 .text.avr-libc.fplib
                0x00001770       0xcc c:/program files (x86)/atmel/atmel toolchain/avr8 gcc/native/3.4.1061/avr8-gnu-toolchain/bin/../lib/gcc/avr/4.8.1/../../../../avr/lib/avr5\libm.a(divsf3x.o)
                0x00001786                __divsf3x
                0x0000178a                __divsf3_pse
 .text.avr-libc.fplib
                0x0000183c        0xa c:/program files (x86)/atmel/atmel toolchain/avr8 gcc/native/3.4.1061/avr8-gnu-toolchain/bin/../lib/gcc/avr/4.8.1/../../../../avr/lib/avr5\libm.a(fixsfsi.o)
                0x0000183c                __fixsfsi
 .text.avr-libc.fplib
                0x00001846       0x58 c:/program files (x86)/atmel/atmel toolchain/avr8 gcc/native/3.4.1061/avr8-gnu-toolchain/bin/../lib/gcc/avr/4.8.1/../../../../avr/lib/avr5\libm.a(fixunssfsi.o)
                0x00001846                __fixunssfsi
 .text.avr-libc.fplib
                0x0000189e       0x7a c:/program files (x86)/atmel/atmel toolchain/avr8 gcc/native/3.4.1061/avr8-gnu-toolchain/bin/../lib/gcc/avr/4.8.1/../../../../avr/lib/avr5\libm.a(floatsisf.o)
                0x0000189e                __floatunsisf
                0x000018a2                __floatsisf
 .text.avr-libc.fplib
                0x00001918        0xc c:/program files (x86)/atmel/atmel toolchain/avr8 gcc/native/3.4.1061/avr8-gnu-toolchain/bin/../lib/gcc/avr/4.8.1/../../../../avr/lib/avr5\libm.a(fp_inf.o)
                0x00001918                __fp_inf
 .text.avr-libc.fplib
                0x00001924        0x6 c:/program files (x86)/atmel/atmel toolchain/avr8 gcc/native/3.4.1061/avr8-gnu-toolchain/bin/../lib/gcc/avr/4.8.1/../../../../avr/lib/avr5\libm.a(fp_nan.o)
                0x00001924                __fp_nan
 .text.avr-libc.fplib
                0x0000192a        0xe c:/program files (x86)/atmel/atmel toolchain/avr8 gcc/native/3.4.1061/avr8-gnu-toolchain/bin/../lib/gcc/avr/4.8.1/../../../../avr/lib/avr5\libm.a(fp_pscA.o)
                0x0000192a                __fp_pscA
 .text.avr-libc.fplib
                0x00001938        0xe c:/program files (x86)/atmel/atmel toolchain/avr8 gcc/native/3.4.1061/avr8-gnu-toolchain/bin/../lib/gcc/avr/4.8.1/../../../../avr/lib/avr5\libm.a(fp_pscB.o)
                0x00001938                __fp_pscB
 .text.avr-libc.fplib
                0x00001946       0x22 c:/program files (x86)/atmel/atmel toolchain/avr8 gcc/native/3.4.1061/avr8-gnu-toolchain/bin/../lib/gcc/avr/4.8.1/../../../../avr/lib/avr5\libm.a(fp_round.o)
                0x00001946                __fp_round
 .text.avr-libc.fplib
                0x00001968       0x44 c:/program files (x86)/atmel/atmel toolchain/avr8 gcc/native/3.4.1061/avr8-gnu-toolchain/bin/../lib/gcc/avr/4.8.1/../../../../avr/lib/avr5\libm.a(fp_split3.o)
                0x00001968                __fp_split3
                0x00001978                __fp_splitA
 .text.avr-libc.fplib
                0x000019ac        0xe c:/program files (x86)/atmel/atmel toolchain/avr8 gcc/native/3.4.1061/avr8-gnu-toolchain/bin/../lib/gcc/avr/4.8.1/../../../../avr/lib/avr5\libm.a(fp_zero.o)
                0x000019ac                __fp_zero
                0x000019ae                __fp_szero
 .text.avr-libc.fplib
                0x000019ba        0x4 c:/program files (x86)/atmel/atmel toolchain/avr8 gcc/native/3.4.1061/avr8-gnu-toolchain/bin/../lib/gcc/avr/4.8.1/../../../../avr/lib/avr5\libm.a(mulsf3.o)
                0x000019ba                __mulsf3
 .text.avr-libc.fplib
                0x000019be       0xc2 c:/program files (x86)/atmel/atmel toolchain/avr8 gcc/native/3.4.1061/avr8-gnu-toolchain/bin/../lib/gcc/avr/4.8.1/../../../../avr/lib/avr5\libm.a(mulsf3x.o)
                0x000019d2                __mulsf3x
                0x000019d6                __mulsf3_pse
 .text.avr-libc
                0x00001a80      0x24e c:/program files (x86)/atmel/atmel toolchain/avr8 gcc/native/3.4.1061/avr8-gnu-toolchain/bin/../lib/gcc/avr/4.8.1/../../../../avr/lib/avr5\libc.a(malloc.o)
                0x00001a80                malloc
                0x00001bb0                free
 .text.avr-libc
                0x00001cce       0x96 c:/program files (x86)/atmel/atmel toolchain/avr8 gcc/native/3.4.1061/avr8-gnu-toolchain/bin/../lib/gcc/avr/4.8.1/../../../../avr/lib/avr5\libc.a(fdevopen.o)
                0x00001cce                fdevopen
 .text.avr-libc
                0x00001d64       0x28 c:/program files (x86)/atmel/atmel toolchain/avr8 gcc/native/3.4.1061/avr8-gnu-toolchain/bin/../lib/gcc/avr/4.8.1/../../../../avr/lib/avr5\libc.a(printf.o)
                0x00001d64                printf
 .text.avr-libc
                0x00001d8c       0x5a c:/program files (x86)/atmel/atmel toolchain/avr8 gcc/native/3.4.1061/avr8-gnu-toolchain/bin/../lib/gcc/avr/4.8.1/../../../../avr/lib/avr5\libc.a(puts.o)
                0x00001d8c                puts
 .text.avr-libc
                0x00001de6      0x3a4 c:/program files (x86)/atmel/atmel toolchain/avr8 gcc/native/3.4.1061/avr8-gnu-toolchain/bin/../lib/gcc/avr/4.8.1/../../../../avr/lib/avr5\libc.a(vfprintf_std.o)
                0x00001de6                vfprintf
 .text.avr-libc
                0x0000218a       0x38 c:/program files (x86)/atmel/atmel toolchain/avr8 gcc/native/3.4.1061/avr8-gnu-toolchain/bin/../lib/gcc/avr/4.8.1/../../../../avr/lib/avr5\libc.a(calloc.o)
                0x0000218a                calloc
 .text.avr-libc
                0x000021c2       0x16 c:/program files (x86)/atmel/atmel toolchain/avr8 gcc/native/3.4.1061/avr8-gnu-toolchain/bin/../lib/gcc/avr/4.8.1/../../../../avr/lib/avr5\libc.a(strnlen_P.o)
                0x000021c2                strnlen_P
 .text.avr-libc
                0x000021d8        0xe c:/program files (x86)/atmel/atmel toolchain/avr8 gcc/native/3.4.1061/avr8-gnu-toolchain/bin/../lib/gcc/avr/4.8.1/../../../../avr/lib/avr5\libc.a(memset.o)
                0x000021d8                memset
 .text.avr-libc
                0x000021e6       0x16 c:/program files (x86)/atmel/atmel toolchain/avr8 gcc/native/3.4.1061/avr8-gnu-toolchain/bin/../lib/gcc/avr/4.8.1/../../../../avr/lib/avr5\libc.a(strnlen.o)
                0x000021e6                strnlen
 .text.avr-libc
                0x000021fc       0x64 c:/program files (x86)/atmel/atmel toolchain/avr8 gcc/native/3.4.1061/avr8-gnu-toolchain/bin/../lib/gcc/avr/4.8.1/../../../../avr/lib/avr5\libc.a(fputc.o)
                0x000021fc                fputc
 .text.avr-libc
                0x00002260       0xbc c:/program files (x86)/atmel/atmel toolchain/avr8 gcc/native/3.4.1061/avr8-gnu-toolchain/bin/../lib/gcc/avr/4.8.1/../../../../avr/lib/avr5\libc.a(ultoa_invert.o)
                0x00002260                __ultoa_invert
 .text.libgcc.prologue
                0x0000231c       0x38 c:/program files (x86)/atmel/atmel toolchain/avr8 gcc/native/3.4.1061/avr8-gnu-toolchain/bin/../lib/gcc/avr/4.8.1/avr5\libgcc.a(_prologue.o)
                0x0000231c                __prologue_saves__
 .text.libgcc.prologue
                0x00002354       0x36 c:/program files (x86)/atmel/atmel toolchain/avr8 gcc/native/3.4.1061/avr8-gnu-toolchain/bin/../lib/gcc/avr/4.8.1/avr5\libgcc.a(_epilogue.o)
                0x00002354                __epilogue_restores__
                0x0000238a                . = ALIGN (0x2)
 *(.fini9)
 .fini9         0x0000238a        0x0 c:/program files (x86)/atmel/atmel toolchain/avr8 gcc/native/3.4.1061/avr8-gnu-toolchain/bin/../lib/gcc/avr/4.8.1/avr5\libgcc.a(_exit.o)
                0x0000238a                _exit
                0x0000238a                exit
 *(.fini9)
 *(.fini8)
 *(.fini8)
 *(.fini7)
 *(.fini7)
 *(.fini6)
 *(.fini6)
 *(.fini5)
 *(.fini5)
 *(.fini4)
 *(.fini4)
 *(.fini3)
 *(.fini3)
 *(.fini2)
 *(.fini2)
 *(.fini1)
 *(.fini1)
 *(.fini0)
 .fini0         0x0000238a        0x4 c:/program files (x86)/atmel/atmel toolchain/avr8 gcc/native/3.4.1061/avr8-gnu-toolchain/bin/../lib/gcc/avr/4.8.1/avr5\libgcc.a(_exit.o)
 *(.fini0)
                0x0000238e                _etext = .

.data           0x00800100      0x1e4 load address 0x0000238e
                0x00800100                PROVIDE (__data_start, .)
 *(.data)
 .data          0x00800100        0x6 c:/program files (x86)/atmel/atmel toolchain/avr8 gcc/native/3.4.1061/avr8-gnu-toolchain/bin/../lib/gcc/avr/4.8.1/../../../../avr/lib/avr5\libc.a(malloc.o)
                0x00800100                __malloc_heap_end
                0x00800102                __malloc_heap_start
                0x00800104                __malloc_margin
 *(.data*)
 .data.oled_stdout
                0x00800106        0xe Drivers/MultifunctionCard/oled/oled.o
 *(.rodata)
 *(.rodata*)
 .rodata.str1.1
                0x00800114       0x1c Drivers/Communication/can/can.o
 .rodata.str1.1
                0x00800130       0x26 Drivers/MultifunctionCard/oled/oled.o
 .rodata.selector
                0x00800156        0x8 Fonts/font.o
                0x00800156                selector
 .rodata.str1.1
                0x0080015e       0xb0 Game/game.o
 .rodata.str1.1
                0x0080020e       0x14 Game/highscore.o
 .rodata.str1.1
                0x00800222       0x43 GccApplication1.o
 .rodata.str1.1
                0x00800265       0x7f Interface/interface.o
 *(.gnu.linkonce.d*)
                0x008002e4                . = ALIGN (0x2)
                0x008002e4                _edata = .
                0x008002e4                PROVIDE (__data_end, .)

.bss            0x008002e4       0x28
                0x008002e4                PROVIDE (__bss_start, .)
 *(.bss)
 *(.bss*)
 *(COMMON)
 COMMON         0x008002e4        0x8 Drivers/MultifunctionCard/joystick/joy.o
                0x008002e4                joy
 COMMON         0x008002ec        0x2 Drivers/MultifunctionCard/oled/oled.o
                0x008002ec                is_party_toggle
 COMMON         0x008002ee        0x6 Drivers/Sensors/ir.o
                0x008002ee                game_lost
                0x008002f0                ir
 COMMON         0x008002f4        0x3 Game/game.o
                0x008002f4                game_score
                0x008002f5                game_score_counter
                0x008002f6                counting_speed
 COMMON         0x008002f7        0x7 Game/highscore.o
                0x008002f7                highscores
 COMMON         0x008002fe        0x4 Interface/interface.o
                0x008002fe                select_pos
                0x00800300                current_menu
 COMMON         0x00800302        0x4 c:/program files (x86)/atmel/atmel toolchain/avr8 gcc/native/3.4.1061/avr8-gnu-toolchain/bin/../lib/gcc/avr/4.8.1/../../../../avr/lib/avr5\libc.a(malloc.o)
                0x00800302                __brkval
                0x00800304                __flp
 COMMON         0x00800306        0x6 c:/program files (x86)/atmel/atmel toolchain/avr8 gcc/native/3.4.1061/avr8-gnu-toolchain/bin/../lib/gcc/avr/4.8.1/../../../../avr/lib/avr5\libc.a(iob.o)
                0x00800306                __iob
                0x0080030c                PROVIDE (__bss_end, .)
                0x0000238e                __data_load_start = LOADADDR (.data)
                0x00002572                __data_load_end = (__data_load_start + SIZEOF (.data))

.noinit         0x0080030c        0x0
                0x0080030c                PROVIDE (__noinit_start, .)
 *(.noinit*)
                0x0080030c                PROVIDE (__noinit_end, .)
                0x0080030c                _end = .
                0x0080030c                PROVIDE (__heap_start, .)

.eeprom         0x00810000        0x0
 *(.eeprom*)
                0x00810000                __eeprom_end = .

.fuse
 *(.fuse)
 *(.lfuse)
 *(.hfuse)
 *(.efuse)

.lock
 *(.lock*)

.signature
 *(.signature*)

.user_signatures
 *(.user_signatures*)

.stab
 *(.stab)

.stabstr
 *(.stabstr)

.stab.excl
 *(.stab.excl)

.stab.exclstr
 *(.stab.exclstr)

.stab.index
 *(.stab.index)

.stab.indexstr
 *(.stab.indexstr)

.comment        0x00000000       0x5c
 *(.comment)
 .comment       0x00000000       0x30 Drivers/Communication/can/can.o
                                 0x31 (size before relaxing)
 .comment       0x00000000       0x31 Drivers/Communication/can/mcp/mcp.o
 .comment       0x00000000       0x31 Drivers/Communication/spi/spi.o
 .comment       0x00000000       0x31 Drivers/Communication/usart/usart.o
 .comment       0x00000000       0x31 Drivers/Memory/eeprom.o
 .comment       0x00000000       0x31 Drivers/Memory/SRAM.o
 .comment       0x00000000       0x31 Drivers/MultifunctionCard/joystick/joy.o
 .comment       0x00000000       0x31 Drivers/MultifunctionCard/oled/oled.o
 .comment       0x00000000       0x31 Drivers/Sensors/ir.o
 .comment       0x00000000       0x31 Drivers/timer/timer.o
 .comment       0x00000000       0x31 Fonts/font.o
 .comment       0x00000000       0x31 Game/game.o
 .comment       0x00000000       0x31 Game/highscore.o
 .comment       0x00000000       0x31 GccApplication1.o
 .comment       0x00000000       0x31 Interface/interface.o
 .comment       0x00000000       0x31 c:/program files (x86)/atmel/atmel toolchain/avr8 gcc/native/3.4.1061/avr8-gnu-toolchain/bin/../lib/gcc/avr/4.8.1/../../../../avr/lib/avr5\libc.a(malloc.o)
 .comment       0x00000000       0x31 c:/program files (x86)/atmel/atmel toolchain/avr8 gcc/native/3.4.1061/avr8-gnu-toolchain/bin/../lib/gcc/avr/4.8.1/../../../../avr/lib/avr5\libc.a(fdevopen.o)
 .comment       0x00000000       0x31 c:/program files (x86)/atmel/atmel toolchain/avr8 gcc/native/3.4.1061/avr8-gnu-toolchain/bin/../lib/gcc/avr/4.8.1/../../../../avr/lib/avr5\libc.a(iob.o)
 .comment       0x00000000       0x31 c:/program files (x86)/atmel/atmel toolchain/avr8 gcc/native/3.4.1061/avr8-gnu-toolchain/bin/../lib/gcc/avr/4.8.1/../../../../avr/lib/avr5\libc.a(printf.o)
 .comment       0x00000000       0x31 c:/program files (x86)/atmel/atmel toolchain/avr8 gcc/native/3.4.1061/avr8-gnu-toolchain/bin/../lib/gcc/avr/4.8.1/../../../../avr/lib/avr5\libc.a(puts.o)
 .comment       0x00000030       0x2c c:/program files (x86)/atmel/atmel toolchain/avr8 gcc/native/3.4.1061/avr8-gnu-toolchain/bin/../lib/gcc/avr/4.8.1/../../../../avr/lib/avr5\libc.a(vfprintf_std.o)
                                 0x2d (size before relaxing)
 .comment       0x00000000       0x31 c:/program files (x86)/atmel/atmel toolchain/avr8 gcc/native/3.4.1061/avr8-gnu-toolchain/bin/../lib/gcc/avr/4.8.1/../../../../avr/lib/avr5\libc.a(calloc.o)
 .comment       0x00000000       0x31 c:/program files (x86)/atmel/atmel toolchain/avr8 gcc/native/3.4.1061/avr8-gnu-toolchain/bin/../lib/gcc/avr/4.8.1/../../../../avr/lib/avr5\libc.a(fputc.o)

.note.gnu.build-id
 *(.note.gnu.build-id)

.debug
 *(.debug)

.line
 *(.line)

.debug_srcinfo
 *(.debug_srcinfo)

.debug_sfnames
 *(.debug_sfnames)

.debug_aranges  0x00000000      0x400
 *(.debug_aranges)
 .debug_aranges
                0x00000000       0x68 Drivers/Communication/can/can.o
 .debug_aranges
                0x00000068       0x50 Drivers/Communication/can/mcp/mcp.o
 .debug_aranges
                0x000000b8       0x28 Drivers/Communication/spi/spi.o
 .debug_aranges
                0x000000e0       0x38 Drivers/Communication/usart/usart.o
 .debug_aranges
                0x00000118       0x28 Drivers/Memory/eeprom.o
 .debug_aranges
                0x00000140       0x30 Drivers/Memory/SRAM.o
 .debug_aranges
                0x00000170       0x88 Drivers/MultifunctionCard/joystick/joy.o
 .debug_aranges
                0x000001f8       0x70 Drivers/MultifunctionCard/oled/oled.o
 .debug_aranges
                0x00000268       0x30 Drivers/Sensors/ir.o
 .debug_aranges
                0x00000298       0x40 Drivers/timer/timer.o
 .debug_aranges
                0x000002d8       0x18 Fonts/font.o
 .debug_aranges
                0x000002f0       0x70 Game/game.o
 .debug_aranges
                0x00000360       0x38 Game/highscore.o
 .debug_aranges
                0x00000398       0x20 GccApplication1.o
 .debug_aranges
                0x000003b8       0x48 Interface/interface.o

.debug_pubnames
 *(.debug_pubnames)

.debug_info     0x00000000     0x3b19
 *(.debug_info .gnu.linkonce.wi.*)
 .debug_info    0x00000000      0x8eb Drivers/Communication/can/can.o
 .debug_info    0x000008eb      0x2d3 Drivers/Communication/can/mcp/mcp.o
 .debug_info    0x00000bbe       0xb4 Drivers/Communication/spi/spi.o
 .debug_info    0x00000c72      0x175 Drivers/Communication/usart/usart.o
 .debug_info    0x00000de7       0xdc Drivers/Memory/eeprom.o
 .debug_info    0x00000ec3      0x224 Drivers/Memory/SRAM.o
 .debug_info    0x000010e7      0x4b3 Drivers/MultifunctionCard/joystick/joy.o
 .debug_info    0x0000159a      0x9af Drivers/MultifunctionCard/oled/oled.o
 .debug_info    0x00001f49      0x258 Drivers/Sensors/ir.o
 .debug_info    0x000021a1      0x27f Drivers/timer/timer.o
 .debug_info    0x00002420       0xb1 Fonts/font.o
 .debug_info    0x000024d1      0x7dc Game/game.o
 .debug_info    0x00002cad      0x443 Game/highscore.o
 .debug_info    0x000030f0      0x34c GccApplication1.o
 .debug_info    0x0000343c      0x6dd Interface/interface.o

.debug_abbrev   0x00000000     0x1779
 *(.debug_abbrev)
 .debug_abbrev  0x00000000      0x272 Drivers/Communication/can/can.o
 .debug_abbrev  0x00000272      0x145 Drivers/Communication/can/mcp/mcp.o
 .debug_abbrev  0x000003b7       0x7a Drivers/Communication/spi/spi.o
 .debug_abbrev  0x00000431      0x112 Drivers/Communication/usart/usart.o
 .debug_abbrev  0x00000543       0x8b Drivers/Memory/eeprom.o
 .debug_abbrev  0x000005ce      0x13f Drivers/Memory/SRAM.o
 .debug_abbrev  0x0000070d      0x243 Drivers/MultifunctionCard/joystick/joy.o
 .debug_abbrev  0x00000950      0x2b3 Drivers/MultifunctionCard/oled/oled.o
 .debug_abbrev  0x00000c03      0x1be Drivers/Sensors/ir.o
 .debug_abbrev  0x00000dc1      0x180 Drivers/timer/timer.o
 .debug_abbrev  0x00000f41       0x50 Fonts/font.o
 .debug_abbrev  0x00000f91      0x23d Game/game.o
 .debug_abbrev  0x000011ce      0x216 Game/highscore.o
 .debug_abbrev  0x000013e4      0x174 GccApplication1.o
 .debug_abbrev  0x00001558      0x221 Interface/interface.o

.debug_line     0x00000000     0x1b6f
 *(.debug_line .debug_line.* .debug_line_end)
 .debug_line    0x00000000      0x24b Drivers/Communication/can/can.o
 .debug_line    0x0000024b      0x170 Drivers/Communication/can/mcp/mcp.o
 .debug_line    0x000003bb       0xd8 Drivers/Communication/spi/spi.o
 .debug_line    0x00000493      0x17c Drivers/Communication/usart/usart.o
 .debug_line    0x0000060f       0xd7 Drivers/Memory/eeprom.o
 .debug_line    0x000006e6      0x175 Drivers/Memory/SRAM.o
 .debug_line    0x0000085b      0x278 Drivers/MultifunctionCard/joystick/joy.o
 .debug_line    0x00000ad3      0x2f9 Drivers/MultifunctionCard/oled/oled.o
 .debug_line    0x00000dcc      0x12e Drivers/Sensors/ir.o
 .debug_line    0x00000efa      0x197 Drivers/timer/timer.o
 .debug_line    0x00001091       0x2d Fonts/font.o
 .debug_line    0x000010be      0x33a Game/game.o
 .debug_line    0x000013f8      0x27f Game/highscore.o
 .debug_line    0x00001677      0x238 GccApplication1.o
 .debug_line    0x000018af      0x2c0 Interface/interface.o

.debug_frame    0x00000000      0xb28
 *(.debug_frame)
 .debug_frame   0x00000000      0x1b4 Drivers/Communication/can/can.o
 .debug_frame   0x000001b4       0xbc Drivers/Communication/can/mcp/mcp.o
 .debug_frame   0x00000270       0x34 Drivers/Communication/spi/spi.o
 .debug_frame   0x000002a4       0x54 Drivers/Communication/usart/usart.o
 .debug_frame   0x000002f8       0x34 Drivers/Memory/eeprom.o
 .debug_frame   0x0000032c       0xb8 Drivers/Memory/SRAM.o
 .debug_frame   0x000003e4      0x17c Drivers/MultifunctionCard/joystick/joy.o
 .debug_frame   0x00000560      0x104 Drivers/MultifunctionCard/oled/oled.o
 .debug_frame   0x00000664       0x54 Drivers/Sensors/ir.o
 .debug_frame   0x000006b8       0xbc Drivers/timer/timer.o
 .debug_frame   0x00000774      0x168 Game/game.o
 .debug_frame   0x000008dc       0xf0 Game/highscore.o
 .debug_frame   0x000009cc       0x24 GccApplication1.o
 .debug_frame   0x000009f0      0x138 Interface/interface.o

.debug_str      0x00000000      0xb26
 *(.debug_str)
 .debug_str     0x00000000      0x317 Drivers/Communication/can/can.o
                                0x375 (size before relaxing)
 .debug_str     0x00000317       0x70 Drivers/Communication/can/mcp/mcp.o
                                0x1fa (size before relaxing)
 .debug_str     0x00000387       0x23 Drivers/Communication/spi/spi.o
                                0x187 (size before relaxing)
 .debug_str     0x000003aa       0xb0 Drivers/Communication/usart/usart.o
                                0x1f2 (size before relaxing)
 .debug_str     0x0000045a       0x45 Drivers/Memory/eeprom.o
                                0x18b (size before relaxing)
 .debug_str     0x0000049f       0x93 Drivers/Memory/SRAM.o
                                0x229 (size before relaxing)
 .debug_str     0x00000532      0x113 Drivers/MultifunctionCard/joystick/joy.o
                                0x2f9 (size before relaxing)
 .debug_str     0x00000645      0x180 Drivers/MultifunctionCard/oled/oled.o
                                0x33d (size before relaxing)
 .debug_str     0x000007c5       0x61 Drivers/Sensors/ir.o
                                0x1e6 (size before relaxing)
 .debug_str     0x00000826       0x68 Drivers/timer/timer.o
                                0x265 (size before relaxing)
 .debug_str     0x0000088e       0x10 Fonts/font.o
                                0x15c (size before relaxing)
 .debug_str     0x0000089e      0x109 Game/game.o
                                0x352 (size before relaxing)
 .debug_str     0x000009a7       0x8b Game/highscore.o
                                0x2d9 (size before relaxing)
 .debug_str     0x00000a32       0x40 GccApplication1.o
                                0x23c (size before relaxing)
 .debug_str     0x00000a72       0xb4 Interface/interface.o
                                0x33e (size before relaxing)

.debug_loc      0x00000000     0x21f9
 *(.debug_loc)
 .debug_loc     0x00000000      0x65c Drivers/Communication/can/can.o
 .debug_loc     0x0000065c      0x1d4 Drivers/Communication/can/mcp/mcp.o
 .debug_loc     0x00000830       0x1f Drivers/Communication/spi/spi.o
 .debug_loc     0x0000084f       0x26 Drivers/Communication/usart/usart.o
 .debug_loc     0x00000875       0x24 Drivers/Memory/eeprom.o
 .debug_loc     0x00000899      0x1e2 Drivers/Memory/SRAM.o
 .debug_loc     0x00000a7b      0x353 Drivers/MultifunctionCard/joystick/joy.o
 .debug_loc     0x00000dce      0x427 Drivers/MultifunctionCard/oled/oled.o
 .debug_loc     0x000011f5      0x119 Drivers/Sensors/ir.o
 .debug_loc     0x0000130e       0xfd Drivers/timer/timer.o
 .debug_loc     0x0000140b      0x445 Game/game.o
 .debug_loc     0x00001850      0x36e Game/highscore.o
 .debug_loc     0x00001bbe      0x63b Interface/interface.o

.debug_macinfo
 *(.debug_macinfo)

.debug_weaknames
 *(.debug_weaknames)

.debug_funcnames
 *(.debug_funcnames)

.debug_typenames
 *(.debug_typenames)

.debug_varnames
 *(.debug_varnames)

.debug_pubtypes
 *(.debug_pubtypes)

.debug_ranges   0x00000000      0x368
 *(.debug_ranges)
 .debug_ranges  0x00000000       0x58 Drivers/Communication/can/can.o
 .debug_ranges  0x00000058       0x40 Drivers/Communication/can/mcp/mcp.o
 .debug_ranges  0x00000098       0x18 Drivers/Communication/spi/spi.o
 .debug_ranges  0x000000b0       0x28 Drivers/Communication/usart/usart.o
 .debug_ranges  0x000000d8       0x18 Drivers/Memory/eeprom.o
 .debug_ranges  0x000000f0       0x50 Drivers/Memory/SRAM.o
 .debug_ranges  0x00000140       0x78 Drivers/MultifunctionCard/joystick/joy.o
 .debug_ranges  0x000001b8       0x78 Drivers/MultifunctionCard/oled/oled.o
 .debug_ranges  0x00000230       0x38 Drivers/Sensors/ir.o
 .debug_ranges  0x00000268       0x30 Drivers/timer/timer.o
 .debug_ranges  0x00000298       0x60 Game/game.o
 .debug_ranges  0x000002f8       0x28 Game/highscore.o
 .debug_ranges  0x00000320       0x10 GccApplication1.o
 .debug_ranges  0x00000330       0x38 Interface/interface.o

.debug_macro
 *(.debug_macro)
OUTPUT(GccApplication1.elf elf32-avr)
LOAD linker stubs
